I'm sorry, but errors were detected in your script. Please correct the
errors listed below, and try again.


File "game/script.rpy", line 40: is not terminated with a newline. (Check strings and parenthesis.)
(Perhaps you left out a " at the end of the first line.)
        papyrus "I walked past a sign saying, \"Let's give it 100%!\"

Ren'Py Version: Ren'Py 6.99.10.1227
